<html>
<body>
<pre>
<h1>�Vision Build Log</h1>
<h2>Tool Versions:</h2>
IDE-Version: ��Vision V5.38.0.0
Copyright (C) 2022 ARM Ltd and ARM Germany GmbH. All rights reserved.
License Information: 1 1, 1, LIC=ATTQ1-C7DEU-QDYKD-8FYWM-R37TX-3LMUL
 
Tool Versions:
Toolchain:       MDK-ARM Plus  Version: 5.38.0.0
Toolchain Path:  D:\Embedded\MDK\Core\ARM\ARMCLANG\Bin
C Compiler:      ArmClang.exe V6.19
Assembler:       Armasm.exe V6.19
Linker/Locator:  ArmLink.exe V6.19
Library Manager: ArmAr.exe V6.19
Hex Converter:   FromElf.exe V6.19
CPU DLL:         SARMCM3.DLL V5.38.0.0
Dialog DLL:      DCM.DLL V1.17.5.0
Target DLL:      CMSIS_AGDI.dll V1.33.15.0
Dialog DLL:      TCM.DLL V1.56.4.0
 
<h2>Project:</h2>
e:\Personal\IT\Embedded\Stm32\Fire\Fire-Projects\FWlib-LED\BH-103.uvprojx
Project File Date:  12/29/2023

<h2>Output:</h2>
*** Using Compiler 'V6.19', folder: 'D:\Embedded\MDK\Core\ARM\ARMCLANG\Bin'
Build target 'BH-103'
main.c(17): warning: In file included from...
./stm32f10x.h(4): warning: // comments are not allowed in this language [-Wcomment]
// 存放stm32寄存器映射的代码
^
./stm32f10x.h(64): warning: no newline at end of file [-Wnewline-eof]
#endif // !__STM32F10X_H
                        ^
main.c(18): warning: In file included from...
./stm32f10x_gpio.h(6): warning: // comments are not allowed in this language [-Wcomment]
// 宏定义端口
^
./stm32f10x_gpio.h(33): warning: no newline at end of file [-Wnewline-eof]
#endif // !__STM32F10X_GPIO
                           ^
main.c(23): warning: // comments are not allowed in this language [-Wcomment]
  RCC->APB2ENR |= ((1) << 3); // 开启GPIOB的时钟
                              ^
main.c(24): warning: implicit conversion changes signedness: 'int' to 'unsigned int' [-Wsign-conversion]
  GPIOB->CRL &= ~((0x0F) << (4*1)); // 将GPIOB状态复位
             ~~ ^~~~~~~~~~~~~~~~~~
main.c(38): warning: no previous prototype for function 'SystemInit' [-Wmissing-prototypes]
void SystemInit(void)
     ^
main.c(38): note: declare 'static' if the function is not intended to be used outside of this translation unit
void SystemInit(void)
^
static 
7 warnings generated.
compiling main.c...
linking...
Program Size: Code=452 RO-data=320 RW-data=0 ZI-data=1632  
FromELF: creating hex file...
".\Objects\BH-103.axf" - 0 Error(s), 7 Warning(s).

<h2>Software Packages used:</h2>

Package Vendor: Keil
                https://www.keil.com/pack/Keil.STM32F1xx_DFP.2.4.1.pack
                Keil.STM32F1xx_DFP.2.4.1
                STMicroelectronics STM32F1 Series Device Support, Drivers and Examples

<h2>Collection of Component include folders:</h2>
  D:/Embedded/MDK/Pack/Keil/STM32F1xx_DFP/2.4.1/Device/Include

<h2>Collection of Component Files used:</h2>
Build Time Elapsed:  00:00:02
</pre>
</body>
</html>
