<html>
<body>
<pre>
<h1>�Vision Build Log</h1>
<h2>Tool Versions:</h2>
IDE-Version: ��Vision V5.38.0.0
Copyright (C) 2022 ARM Ltd and ARM Germany GmbH. All rights reserved.
License Information: 1 1, 1, LIC=ATTQ1-C7DEU-QDYKD-8FYWM-R37TX-3LMUL
 
Tool Versions:
Toolchain:       MDK-ARM Plus  Version: 5.38.0.0
Toolchain Path:  D:\Embedded\MDK\Core\ARM\ARMCLANG\Bin
C Compiler:      ArmClang.exe V6.19
Assembler:       Armasm.exe V6.19
Linker/Locator:  ArmLink.exe V6.19
Library Manager: ArmAr.exe V6.19
Hex Converter:   FromElf.exe V6.19
CPU DLL:         SARMCM3.DLL V5.38.0.0
Dialog DLL:      DCM.DLL V1.17.5.0
Target DLL:      CMSIS_AGDI.dll V1.33.15.0
Dialog DLL:      TCM.DLL V1.56.4.0
 
<h2>Project:</h2>
e:\Personal\IT\Embedded\Stm32\Fire\Fire-Projects\REG-LED-Register\BH-103.uvprojx
Project File Date:  12/29/2023

<h2>Output:</h2>
*** Using Compiler 'V6.19', folder: 'D:\Embedded\MDK\Core\ARM\ARMCLANG\Bin'
Build target 'BH-103'
main.c(17): warning: In file included from...
./stm32f10x.h(1): warning: // comments are not allowed in this language [-Wcomment]
// 存放stm32寄存器映射的代码
^
main.c(22): warning: // comments are not allowed in this language [-Wcomment]
// 注释上节课代码
^
main.c(50): warning: implicit conversion changes signedness: 'int' to 'unsigned int' [-Wsign-conversion]
  GPIOB_CRL &= ~((0x0F) << (4*0)); // 将GPIOB状态复位
            ~~ ^~~~~~~~~~~~~~~~~~
main.c(52): warning: implicit conversion changes signedness: 'int' to 'unsigned int' [-Wsign-conversion]
  GPIOB_ODR &= ~(1<<0); // PB0置0
            ~~ ^~~~~~~
main.c(58): warning: no previous prototype for function 'SystemInit' [-Wmissing-prototypes]
void SystemInit(void)
     ^
main.c(58): note: declare 'static' if the function is not intended to be used outside of this translation unit
void SystemInit(void)
^
static 
5 warnings generated.
compiling main.c...
linking...
Program Size: Code=380 RO-data=320 RW-data=0 ZI-data=1632  
FromELF: creating hex file...
".\Objects\BH-103.axf" - 0 Error(s), 5 Warning(s).

<h2>Software Packages used:</h2>

Package Vendor: Keil
                https://www.keil.com/pack/Keil.STM32F1xx_DFP.2.4.1.pack
                Keil.STM32F1xx_DFP.2.4.1
                STMicroelectronics STM32F1 Series Device Support, Drivers and Examples

<h2>Collection of Component include folders:</h2>
  D:/Embedded/MDK/Pack/Keil/STM32F1xx_DFP/2.4.1/Device/Include

<h2>Collection of Component Files used:</h2>
Build Time Elapsed:  00:00:01
</pre>
</body>
</html>
